<testsuites name="jest tests" tests="21" failures="3" time="4.7650000000000015">
  <testsuite name="app/utilities/SystemUtil" errors="0" failures="3" skipped="0" timestamp="2018-04-12T11:29:13" time="0.902" tests="3">
    <testcase classname="app/utilities/SystemUtil onActivate() should create new window if it is null" name="app/utilities/SystemUtil onActivate() should create new window if it is null" time="0.011">
      <failure>TypeError: _electron.BrowserWindow is not a constructor
    at createWindow (/home/kieranroneill/Development/kieranroneill/decentralised-voting/src/main/utilities/SystemUtil.js:11:18)
    at onActivate (/home/kieranroneill/Development/kieranroneill/decentralised-voting/src/main/utilities/SystemUtil.js:31:9)
    at Object.&lt;anonymous&gt; (/home/kieranroneill/Development/kieranroneill/decentralised-voting/src/main/utilities/SystemUtil.test.js:33:13)
    at Object.asyncFn (/home/kieranroneill/Development/kieranroneill/decentralised-voting/node_modules/jest-jasmine2/build/jasmine_async.js:82:37)
    at resolve (/home/kieranroneill/Development/kieranroneill/decentralised-voting/node_modules/jest-jasmine2/build/queue_runner.js:52:12)
    at new Promise (&lt;anonymous&gt;)
    at mapper (/home/kieranroneill/Development/kieranroneill/decentralised-voting/node_modules/jest-jasmine2/build/queue_runner.js:39:19)
    at promise.then (/home/kieranroneill/Development/kieranroneill/decentralised-voting/node_modules/jest-jasmine2/build/queue_runner.js:73:82)
    at &lt;anonymous&gt;
    at process._tickCallback (internal/process/next_tick.js:118:7)</failure>
      <failure>TypeError: scope.electronAppMock.restore is not a function
    at Object.&lt;anonymous&gt; (/home/kieranroneill/Development/kieranroneill/decentralised-voting/src/main/utilities/SystemUtil.test.js:20:31)
    at Object.asyncFn (/home/kieranroneill/Development/kieranroneill/decentralised-voting/node_modules/jest-jasmine2/build/jasmine_async.js:51:37)
    at resolve (/home/kieranroneill/Development/kieranroneill/decentralised-voting/node_modules/jest-jasmine2/build/queue_runner.js:52:12)
    at new Promise (&lt;anonymous&gt;)
    at mapper (/home/kieranroneill/Development/kieranroneill/decentralised-voting/node_modules/jest-jasmine2/build/queue_runner.js:39:19)
    at promise.then (/home/kieranroneill/Development/kieranroneill/decentralised-voting/node_modules/jest-jasmine2/build/queue_runner.js:73:82)
    at &lt;anonymous&gt;
    at process._tickCallback (internal/process/next_tick.js:118:7)</failure>
    </testcase>
    <testcase classname="app/utilities/SystemUtil onAllWindowsClosed() should quit the electron app if it is not macOS" name="app/utilities/SystemUtil onAllWindowsClosed() should quit the electron app if it is not macOS" time="0.001">
      <failure>TypeError: Cannot assign to read only property &apos;platform&apos; of object &apos;[object process]&apos;
    at Object.&lt;anonymous&gt; (/home/kieranroneill/Development/kieranroneill/decentralised-voting/src/main/utilities/SystemUtil.test.js:43:13)
    at Object.asyncFn (/home/kieranroneill/Development/kieranroneill/decentralised-voting/node_modules/jest-jasmine2/build/jasmine_async.js:82:37)
    at resolve (/home/kieranroneill/Development/kieranroneill/decentralised-voting/node_modules/jest-jasmine2/build/queue_runner.js:52:12)
    at new Promise (&lt;anonymous&gt;)
    at mapper (/home/kieranroneill/Development/kieranroneill/decentralised-voting/node_modules/jest-jasmine2/build/queue_runner.js:39:19)
    at promise.then (/home/kieranroneill/Development/kieranroneill/decentralised-voting/node_modules/jest-jasmine2/build/queue_runner.js:73:82)
    at &lt;anonymous&gt;
    at process._tickCallback (internal/process/next_tick.js:118:7)</failure>
      <failure>TypeError: scope.electronAppMock.restore is not a function
    at Object.&lt;anonymous&gt; (/home/kieranroneill/Development/kieranroneill/decentralised-voting/src/main/utilities/SystemUtil.test.js:20:31)
    at Object.asyncFn (/home/kieranroneill/Development/kieranroneill/decentralised-voting/node_modules/jest-jasmine2/build/jasmine_async.js:51:37)
    at resolve (/home/kieranroneill/Development/kieranroneill/decentralised-voting/node_modules/jest-jasmine2/build/queue_runner.js:52:12)
    at new Promise (&lt;anonymous&gt;)
    at mapper (/home/kieranroneill/Development/kieranroneill/decentralised-voting/node_modules/jest-jasmine2/build/queue_runner.js:39:19)
    at promise.then (/home/kieranroneill/Development/kieranroneill/decentralised-voting/node_modules/jest-jasmine2/build/queue_runner.js:73:82)
    at &lt;anonymous&gt;
    at process._tickCallback (internal/process/next_tick.js:118:7)</failure>
    </testcase>
    <testcase classname="app/utilities/SystemUtil onAllWindowsClosed() should not quit the electron app if it is macOS" name="app/utilities/SystemUtil onAllWindowsClosed() should not quit the electron app if it is macOS" time="0.001">
      <failure>TypeError: app.quit is not a function
    at onAllWindowsClosed (/home/kieranroneill/Development/kieranroneill/decentralised-voting/src/main/utilities/SystemUtil.js:41:13)
    at Object.&lt;anonymous&gt; (/home/kieranroneill/Development/kieranroneill/decentralised-voting/src/main/utilities/SystemUtil.test.js:51:13)
    at Object.asyncFn (/home/kieranroneill/Development/kieranroneill/decentralised-voting/node_modules/jest-jasmine2/build/jasmine_async.js:82:37)
    at resolve (/home/kieranroneill/Development/kieranroneill/decentralised-voting/node_modules/jest-jasmine2/build/queue_runner.js:52:12)
    at new Promise (&lt;anonymous&gt;)
    at mapper (/home/kieranroneill/Development/kieranroneill/decentralised-voting/node_modules/jest-jasmine2/build/queue_runner.js:39:19)
    at promise.then (/home/kieranroneill/Development/kieranroneill/decentralised-voting/node_modules/jest-jasmine2/build/queue_runner.js:73:82)
    at &lt;anonymous&gt;
    at process._tickCallback (internal/process/next_tick.js:118:7)</failure>
      <failure>TypeError: scope.electronAppMock.restore is not a function
    at Object.&lt;anonymous&gt; (/home/kieranroneill/Development/kieranroneill/decentralised-voting/src/main/utilities/SystemUtil.test.js:20:31)
    at Object.asyncFn (/home/kieranroneill/Development/kieranroneill/decentralised-voting/node_modules/jest-jasmine2/build/jasmine_async.js:51:37)
    at resolve (/home/kieranroneill/Development/kieranroneill/decentralised-voting/node_modules/jest-jasmine2/build/queue_runner.js:52:12)
    at new Promise (&lt;anonymous&gt;)
    at mapper (/home/kieranroneill/Development/kieranroneill/decentralised-voting/node_modules/jest-jasmine2/build/queue_runner.js:39:19)
    at promise.then (/home/kieranroneill/Development/kieranroneill/decentralised-voting/node_modules/jest-jasmine2/build/queue_runner.js:73:82)
    at &lt;anonymous&gt;
    at process._tickCallback (internal/process/next_tick.js:118:7)</failure>
    </testcase>
  </testsuite>
  <testsuite name="&lt;CandidateTableRow /&gt;" errors="0" failures="0" skipped="0" timestamp="2018-04-12T11:29:14" time="0.123" tests="1">
    <testcase classname="&lt;CandidateTableRow /&gt; when the component mounts should render the correct table columns" name="&lt;CandidateTableRow /&gt; when the component mounts should render the correct table columns" time="0.007">
    </testcase>
  </testsuite>
  <testsuite name="main/main" errors="0" failures="0" skipped="0" timestamp="2018-04-12T11:29:14" time="3.167" tests="1">
    <testcase classname="main/main when the app starts should show an initial window" name="main/main when the app starts should show an initial window" time="2.635">
    </testcase>
  </testsuite>
  <testsuite name="network actions" errors="0" failures="0" skipped="0" timestamp="2018-04-12T11:29:18" time="0.144" tests="2">
    <testcase classname="network actions should create an action to set the network to connected" name="network actions should create an action to set the network to connected" time="0.001">
    </testcase>
    <testcase classname="network actions should create an action to set the network to disconnected" name="network actions should create an action to set the network to disconnected" time="0">
    </testcase>
  </testsuite>
  <testsuite name="reducers/NetworkReducer" errors="0" failures="0" skipped="0" timestamp="2018-04-12T11:29:18" time="0.121" tests="6">
    <testcase classname="reducers/NetworkReducer when no type is provided should return the initial state" name="reducers/NetworkReducer when no type is provided should return the initial state" time="0.001">
    </testcase>
    <testcase classname="reducers/NetworkReducer when setting the network to connection state should not set the connection state when the input type is not a boolean" name="reducers/NetworkReducer when setting the network to connection state should not set the connection state when the input type is not a boolean" time="0">
    </testcase>
    <testcase classname="reducers/NetworkReducer when setting the network to connection state should set the network to true when it is false" name="reducers/NetworkReducer when setting the network to connection state should set the network to true when it is false" time="0.001">
    </testcase>
    <testcase classname="reducers/NetworkReducer when setting the network to connection state should set the network to true when it is already true" name="reducers/NetworkReducer when setting the network to connection state should set the network to true when it is already true" time="0">
    </testcase>
    <testcase classname="reducers/NetworkReducer when setting the network to connection state should set the network to false when it is true" name="reducers/NetworkReducer when setting the network to connection state should set the network to false when it is true" time="0">
    </testcase>
    <testcase classname="reducers/NetworkReducer when setting the network to connection state should set the network to false when it is already false" name="reducers/NetworkReducer when setting the network to connection state should set the network to false when it is already false" time="0.001">
    </testcase>
  </testsuite>
  <testsuite name="index" errors="0" failures="0" skipped="0" timestamp="2018-04-12T11:29:18" time="0.128" tests="3">
    <testcase classname="index onWindowLoad() should use the current web3 instance" name="index onWindowLoad() should use the current web3 instance" time="0.002">
    </testcase>
    <testcase classname="index onWindowLoad() should use the create a new web3 instance if it is not defined" name="index onWindowLoad() should use the create a new web3 instance if it is not defined" time="0.001">
    </testcase>
    <testcase classname="index onWindowLoad() should create an element with to render the React app" name="index onWindowLoad() should create an element with to render the React app" time="0.001">
    </testcase>
  </testsuite>
  <testsuite name="components/App" errors="0" failures="0" skipped="0" timestamp="2018-04-12T11:29:18" time="0.083" tests="2">
    <testcase classname="components/App when the component mounts should have the correct default private properties" name="components/App when the component mounts should have the correct default private properties" time="0.001">
    </testcase>
    <testcase classname="components/App when the component mounts should render the correct components" name="components/App when the component mounts should render the correct components" time="0.001">
    </testcase>
  </testsuite>
  <testsuite name="&lt;NetworkStatus /&gt;" errors="0" failures="0" skipped="0" timestamp="2018-04-12T11:29:18" time="0.097" tests="3">
    <testcase classname="&lt;NetworkStatus /&gt; when the component mounts should set the state based on the network connection" name="&lt;NetworkStatus /&gt; when the component mounts should set the state based on the network connection" time="0.001">
    </testcase>
    <testcase classname="&lt;NetworkStatus /&gt; when the component mounts should display the connected text" name="&lt;NetworkStatus /&gt; when the component mounts should display the connected text" time="0.002">
    </testcase>
    <testcase classname="&lt;NetworkStatus /&gt; when the component mounts should not have the applied class name for when the network is not connected" name="&lt;NetworkStatus /&gt; when the component mounts should not have the applied class name for when the network is not connected" time="0">
    </testcase>
  </testsuite>
</testsuites>